******************************************************************************
                  TI ARM Linker PC v20.2.5                     
******************************************************************************
>> Linked Thu May 13 20:26:38 2021

OUTPUT FILE NAME:   <Experimento_2.out>
ENTRY POINT SYMBOL: "_c_int00_noargs"  address: 00000a61


MEMORY CONFIGURATION

         name            origin    length      used     unused   attr    fill
----------------------  --------  ---------  --------  --------  ----  --------
  FLASH                 00000000   00020000  00000d86  0001f27a  R  X
  SRAM                  20000000   00008000  00000474  00007b8c  RW X


SEGMENT ALLOCATION MAP

run origin  load origin   length   init length attrs members
----------  ----------- ---------- ----------- ----- -------
00000000    00000000    00000d88   00000d88    r-x
  00000000    00000000    0000026c   0000026c    r-- .intvecs
  0000026c    0000026c    0000097e   0000097e    r-x .text
  00000bec    00000bec    0000015c   0000015c    r-- .const
  00000d48    00000d48    00000040   00000040    r-- .cinit
20000000    20000000    00000474   00000000    rw-
  20000000    20000000    0000026c   00000000    rw- .vtable
  2000026c    2000026c    00000004   00000000    rw- .bss
  20000270    20000270    00000200   00000000    rw- .stack
  20000470    20000470    00000004   00000000    rw- .data


SECTION ALLOCATION MAP

 output                                  attributes/
section   page    origin      length       input sections
--------  ----  ----------  ----------   ----------------
.intvecs   0    00000000    0000026c     
                  00000000    0000026c     tm4c123ge6pm_startup_ccs.obj (.intvecs)

.text      0    0000026c    0000097e     
                  0000026c    000001bc     main.obj (.text)
                  00000428    00000132     driverlib.lib : gpio.obj (.text:GPIOPadConfigSet)
                  0000055a    00000002     --HOLE-- [fill = 0]
                  0000055c    00000110                   : sysctl.obj (.text:SysCtlClockGet)
                  0000066c    000000f4                   : sysctl.obj (.text:SysCtlClockSet)
                  00000760    0000009c     rtsv7M4_T_le_v4SPD16_eabi.lib : memcpy_t2.asm.obj (.text)
                  000007fc    00000068     driverlib.lib : interrupt.obj (.text:IntEnable)
                  00000864    00000068     rtsv7M4_T_le_v4SPD16_eabi.lib : copy_decompress_lzss.c.obj (.text:decompress:lzss:__TI_decompress_lzss)
                  000008cc    00000060     driverlib.lib : timer.obj (.text:TimerConfigure)
                  0000092c    00000046                   : uart.obj (.text:UARTConfigSetExpClk)
                  00000972    00000002     --HOLE-- [fill = 0]
                  00000974    00000044     rtsv7M4_T_le_v4SPD16_eabi.lib : autoinit.c.obj (.text:__TI_auto_init_nobinit_nopinit:__TI_auto_init_nobinit_nopinit)
                  000009b8    00000040     driverlib.lib : uart.obj (.text:_UARTIntNumberGet)
                  000009f8    00000034                   : interrupt.obj (.text:IntRegister)
                  00000a2c    00000034                   : sysctl.obj (.text:SysCtlPeripheralEnable)
                  00000a60    00000034     rtsv7M4_T_le_v4SPD16_eabi.lib : boot_cortex_m.c.obj (.text:_c_int00_noargs:_c_int00_noargs)
                  00000a94    0000002a     driverlib.lib : gpio.obj (.text:GPIODirModeSet)
                  00000abe    00000002     --HOLE-- [fill = 0]
                  00000ac0    00000020                   : uart.obj (.text:UARTDisable)
                  00000ae0    0000001c     rtsv7M4_T_le_v4SPD16_eabi.lib : copy_zero_init.c.obj (.text:decompress:ZI:__TI_zero_init_nomemset:__TI_zero_init_nomemset)
                  00000afc    00000018     driverlib.lib : gpio.obj (.text:GPIOPinTypeGPIOOutput)
                  00000b14    00000018                   : uart.obj (.text:UARTIntRegister)
                  00000b2c    00000014                   : uart.obj (.text:UARTEnable)
                  00000b40    00000012                   : gpio.obj (.text:GPIOPinTypeUART)
                  00000b52    00000012                   : timer.obj (.text:TimerLoadSet)
                  00000b64    00000010                   : interrupt.obj (.text:IntMasterEnable)
                  00000b74    0000000e                   : timer.obj (.text:TimerEnable)
                  00000b82    0000000e     rtsv7M4_T_le_v4SPD16_eabi.lib : copy_decompress_none.c.obj (.text:decompress:none:__TI_decompress_none)
                  00000b90    0000000c     driverlib.lib : cpu.obj (.text:CPUcpsie)
                  00000b9c    0000000c     tm4c123ge6pm_startup_ccs.obj (.text)
                  00000ba8    0000000a     driverlib.lib : uart.obj (.text:UARTCharGet)
                  00000bb2    00000008                   : timer.obj (.text:TimerIntEnable)
                  00000bba    00000008                   : uart.obj (.text:UARTIntEnable)
                  00000bc2    00000006                   : gpio.obj (.text:GPIOPinRead)
                  00000bc8    00000006                   : gpio.obj (.text:GPIOPinWrite)
                  00000bce    00000006                   : sysctl.obj (.text:SysCtlDelay)
                  00000bd4    00000006                   : uart.obj (.text:UARTFIFOLevelSet)
                  00000bda    00000004                   : timer.obj (.text:TimerIntClear)
                  00000bde    00000004                   : uart.obj (.text:UARTIntClear)
                  00000be2    00000004     rtsv7M4_T_le_v4SPD16_eabi.lib : pre_init.c.obj (.text:_system_pre_init)
                  00000be6    00000004                                   : exit.c.obj (.text:abort:abort)

.const     0    00000bec    0000015c     
                  00000bec    00000070     driverlib.lib : interrupt.obj (.const)
                  00000c5c    0000006c                   : sysctl.obj (.const:g_pui32Xtals)
                  00000cc8    00000040                   : uart.obj (.const:g_ppui32UARTIntMap)
                  00000d08    00000040                   : uart.obj (.const:g_ppui32UARTIntMapSnowflake)

.cinit     0    00000d48    00000040     
                  00000d48    0000000c     (__TI_handler_table)
                  00000d54    00000004     --HOLE-- [fill = 0]
                  00000d58    00000008     (.cinit..bss.load) [load image, compression = zero_init]
                  00000d60    00000008     (.cinit..data.load) [load image, compression = lzss]
                  00000d68    00000008     (.cinit..vtable.load) [load image, compression = zero_init]
                  00000d70    00000018     (__TI_cinit_table)

.init_array 
*          0    00000000    00000000     UNINITIALIZED

.vtable    0    20000000    0000026c     UNINITIALIZED
                  20000000    0000026c     driverlib.lib : interrupt.obj (.vtable)

.bss       0    2000026c    00000004     UNINITIALIZED
                  2000026c    00000004     (.common:ui32Period)

.data      0    20000470    00000004     UNINITIALIZED
                  20000470    00000004     main.obj (.data)

.stack     0    20000270    00000200     UNINITIALIZED
                  20000270    00000004     rtsv7M4_T_le_v4SPD16_eabi.lib : boot_cortex_m.c.obj (.stack)
                  20000274    000001fc     --HOLE--

__llvm_prf_cnts 
*          0    20000000    00000000     UNINITIALIZED

MODULE SUMMARY

       Module                         code   ro data   rw data
       ------                         ----   -------   -------
    .\
       tm4c123ge6pm_startup_ccs.obj   12     620       0      
       main.obj                       444    0         8      
    +--+------------------------------+------+---------+---------+
       Total:                         456    620       8      
                                                              
    C:/ti/TivaWare_C_Series-2.1.4.178/driverlib/ccs/Debug/driverlib.lib
       interrupt.obj                  172    112       620    
       sysctl.obj                     574    108       0      
       gpio.obj                       402    0         0      
       uart.obj                       238    128       0      
       timer.obj                      140    0         0      
       cpu.obj                        12     0         0      
    +--+------------------------------+------+---------+---------+
       Total:                         1538   348       620    
                                                              
    C:\ti\ccs1031\ccs\tools\compiler\ti-cgt-arm_20.2.5.LTS\lib\rtsv7M4_T_le_v4SPD16_eabi.lib
       memcpy_t2.asm.obj              156    0         0      
       copy_decompress_lzss.c.obj     104    0         0      
       autoinit.c.obj                 68     0         0      
       boot_cortex_m.c.obj            52     0         0      
       copy_zero_init.c.obj           28     0         0      
       copy_decompress_none.c.obj     14     0         0      
       exit.c.obj                     4      0         0      
       pre_init.c.obj                 4      0         0      
    +--+------------------------------+------+---------+---------+
       Total:                         430    0         0      
                                                              
       Stack:                         0      0         512    
       Linker Generated:              0      60        0      
    +--+------------------------------+------+---------+---------+
       Grand Total:                   2424   1028      1140   


LINKER GENERATED COPY TABLES

__TI_cinit_table @ 00000d70 records: 3, size/record: 8, table size: 24
	.bss: load addr=00000d58, load size=00000008 bytes, run addr=2000026c, run size=00000004 bytes, compression=zero_init
	.data: load addr=00000d60, load size=00000008 bytes, run addr=20000470, run size=00000004 bytes, compression=lzss
	.vtable: load addr=00000d68, load size=00000008 bytes, run addr=20000000, run size=0000026c bytes, compression=zero_init


LINKER GENERATED HANDLER TABLE

__TI_handler_table @ 00000d48 records: 3, size/record: 4, table size: 12
	index: 0, handler: __TI_zero_init
	index: 1, handler: __TI_decompress_lzss
	index: 2, handler: __TI_decompress_none


GLOBAL SYMBOLS: SORTED ALPHABETICALLY BY Name 

address   name                          
-------   ----                          
00000be7  C$$EXIT                       
00000b91  CPUcpsie                      
00000a95  GPIODirModeSet                
00000429  GPIOPadConfigSet              
00000bc3  GPIOPinRead                   
00000afd  GPIOPinTypeGPIOOutput         
00000b41  GPIOPinTypeUART               
00000bc9  GPIOPinWrite                  
000007fd  IntEnable                     
00000b65  IntMasterEnable               
000009f9  IntRegister                   
00000b9d  ResetISR                      
0000055d  SysCtlClockGet                
0000066d  SysCtlClockSet                
00000bcf  SysCtlDelay                   
00000a2d  SysCtlPeripheralEnable        
0000031b  Timer0IntHandler              
000008cd  TimerConfigure                
00000b75  TimerEnable                   
00000bdb  TimerIntClear                 
00000bb3  TimerIntEnable                
00000b53  TimerLoadSet                  
00000ba9  UARTCharGet                   
0000092d  UARTConfigSetExpClk           
00000ac1  UARTDisable                   
00000b2d  UARTEnable                    
00000bd5  UARTFIFOLevelSet              
00000bdf  UARTIntClear                  
00000bbb  UARTIntEnable                 
00000347  UARTIntHandler                
00000b15  UARTIntRegister               
20000470  __STACK_END                   
00000200  __STACK_SIZE                  
20000470  __STACK_TOP                   
00000d70  __TI_CINIT_Base               
00000d88  __TI_CINIT_Limit              
00000d48  __TI_Handler_Table_Base       
00000d54  __TI_Handler_Table_Limit      
00000975  __TI_auto_init_nobinit_nopinit
00000865  __TI_decompress_lzss          
00000b83  __TI_decompress_none          
ffffffff  __TI_pprof_out_hndl           
ffffffff  __TI_prof_data_size           
ffffffff  __TI_prof_data_start          
00000000  __TI_static_base__            
00000ae1  __TI_zero_init_nomemset       
00000761  __aeabi_memcpy                
00000761  __aeabi_memcpy4               
00000761  __aeabi_memcpy8               
ffffffff  __binit__                     
ffffffff  __c_args__                    
UNDEFED   __mpu_init                    
20000270  __stack                       
20000000  __start___llvm_prf_cnts       
20000000  __stop___llvm_prf_cnts        
00000a61  _c_int00_noargs               
UNDEFED   _system_post_cinit            
00000be3  _system_pre_init              
00000be7  abort                         
20000472  b                             
ffffffff  binit                         
20000473  g                             
20000000  g_pfnRAMVectors               
00000000  g_pfnVectors                  
20000470  l                             
00000313  main                          
00000761  memcpy                        
20000471  r                             
0000026d  setup                         
2000026c  ui32Period                    


GLOBAL SYMBOLS: SORTED BY Symbol Address 

address   name                          
-------   ----                          
00000000  __TI_static_base__            
00000000  g_pfnVectors                  
00000200  __STACK_SIZE                  
0000026d  setup                         
00000313  main                          
0000031b  Timer0IntHandler              
00000347  UARTIntHandler                
00000429  GPIOPadConfigSet              
0000055d  SysCtlClockGet                
0000066d  SysCtlClockSet                
00000761  __aeabi_memcpy                
00000761  __aeabi_memcpy4               
00000761  __aeabi_memcpy8               
00000761  memcpy                        
000007fd  IntEnable                     
00000865  __TI_decompress_lzss          
000008cd  TimerConfigure                
0000092d  UARTConfigSetExpClk           
00000975  __TI_auto_init_nobinit_nopinit
000009f9  IntRegister                   
00000a2d  SysCtlPeripheralEnable        
00000a61  _c_int00_noargs               
00000a95  GPIODirModeSet                
00000ac1  UARTDisable                   
00000ae1  __TI_zero_init_nomemset       
00000afd  GPIOPinTypeGPIOOutput         
00000b15  UARTIntRegister               
00000b2d  UARTEnable                    
00000b41  GPIOPinTypeUART               
00000b53  TimerLoadSet                  
00000b65  IntMasterEnable               
00000b75  TimerEnable                   
00000b83  __TI_decompress_none          
00000b91  CPUcpsie                      
00000b9d  ResetISR                      
00000ba9  UARTCharGet                   
00000bb3  TimerIntEnable                
00000bbb  UARTIntEnable                 
00000bc3  GPIOPinRead                   
00000bc9  GPIOPinWrite                  
00000bcf  SysCtlDelay                   
00000bd5  UARTFIFOLevelSet              
00000bdb  TimerIntClear                 
00000bdf  UARTIntClear                  
00000be3  _system_pre_init              
00000be7  C$$EXIT                       
00000be7  abort                         
00000d48  __TI_Handler_Table_Base       
00000d54  __TI_Handler_Table_Limit      
00000d70  __TI_CINIT_Base               
00000d88  __TI_CINIT_Limit              
20000000  __start___llvm_prf_cnts       
20000000  __stop___llvm_prf_cnts        
20000000  g_pfnRAMVectors               
2000026c  ui32Period                    
20000270  __stack                       
20000470  __STACK_END                   
20000470  __STACK_TOP                   
20000470  l                             
20000471  r                             
20000472  b                             
20000473  g                             
ffffffff  __TI_pprof_out_hndl           
ffffffff  __TI_prof_data_size           
ffffffff  __TI_prof_data_start          
ffffffff  __binit__                     
ffffffff  __c_args__                    
ffffffff  binit                         
UNDEFED   __mpu_init                    
UNDEFED   _system_post_cinit            

[70 symbols]
