******************************************************************************
                  TI ARM Linker PC v20.2.5                     
******************************************************************************
>> Linked Thu May 13 20:10:23 2021

OUTPUT FILE NAME:   <Experimento_2.out>
ENTRY POINT SYMBOL: "_c_int00_noargs"  address: 00000a65


MEMORY CONFIGURATION

         name            origin    length      used     unused   attr    fill
----------------------  --------  ---------  --------  --------  ----  --------
  FLASH                 00000000   00020000  00000d8a  0001f276  R  X
  SRAM                  20000000   00008000  00000474  00007b8c  RW X


SEGMENT ALLOCATION MAP

run origin  load origin   length   init length attrs members
----------  ----------- ---------- ----------- ----- -------
00000000    00000000    00000d90   00000d90    r-x
  00000000    00000000    0000026c   0000026c    r-- .intvecs
  0000026c    0000026c    00000982   00000982    r-x .text
  00000bf0    00000bf0    0000015c   0000015c    r-- .const
  00000d50    00000d50    00000040   00000040    r-- .cinit
20000000    20000000    00000474   00000000    rw-
  20000000    20000000    0000026c   00000000    rw- .vtable
  2000026c    2000026c    00000004   00000000    rw- .bss
  20000270    20000270    00000200   00000000    rw- .stack
  20000470    20000470    00000004   00000000    rw- .data


SECTION ALLOCATION MAP

 output                                  attributes/
section   page    origin      length       input sections
--------  ----  ----------  ----------   ----------------
.intvecs   0    00000000    0000026c     
                  00000000    0000026c     tm4c123ge6pm_startup_ccs.obj (.intvecs)

.text      0    0000026c    00000982     
                  0000026c    000001c0     main.obj (.text)
                  0000042c    00000132     driverlib.lib : gpio.obj (.text:GPIOPadConfigSet)
                  0000055e    00000002     --HOLE-- [fill = 0]
                  00000560    00000110                   : sysctl.obj (.text:SysCtlClockGet)
                  00000670    000000f4                   : sysctl.obj (.text:SysCtlClockSet)
                  00000764    0000009c     rtsv7M4_T_le_v4SPD16_eabi.lib : memcpy_t2.asm.obj (.text)
                  00000800    00000068     driverlib.lib : interrupt.obj (.text:IntEnable)
                  00000868    00000068     rtsv7M4_T_le_v4SPD16_eabi.lib : copy_decompress_lzss.c.obj (.text:decompress:lzss:__TI_decompress_lzss)
                  000008d0    00000060     driverlib.lib : timer.obj (.text:TimerConfigure)
                  00000930    00000046                   : uart.obj (.text:UARTConfigSetExpClk)
                  00000976    00000002     --HOLE-- [fill = 0]
                  00000978    00000044     rtsv7M4_T_le_v4SPD16_eabi.lib : autoinit.c.obj (.text:__TI_auto_init_nobinit_nopinit:__TI_auto_init_nobinit_nopinit)
                  000009bc    00000040     driverlib.lib : uart.obj (.text:_UARTIntNumberGet)
                  000009fc    00000034                   : interrupt.obj (.text:IntRegister)
                  00000a30    00000034                   : sysctl.obj (.text:SysCtlPeripheralEnable)
                  00000a64    00000034     rtsv7M4_T_le_v4SPD16_eabi.lib : boot_cortex_m.c.obj (.text:_c_int00_noargs:_c_int00_noargs)
                  00000a98    0000002a     driverlib.lib : gpio.obj (.text:GPIODirModeSet)
                  00000ac2    00000002     --HOLE-- [fill = 0]
                  00000ac4    00000020                   : uart.obj (.text:UARTDisable)
                  00000ae4    0000001c     rtsv7M4_T_le_v4SPD16_eabi.lib : copy_zero_init.c.obj (.text:decompress:ZI:__TI_zero_init_nomemset:__TI_zero_init_nomemset)
                  00000b00    00000018     driverlib.lib : gpio.obj (.text:GPIOPinTypeGPIOOutput)
                  00000b18    00000018                   : uart.obj (.text:UARTIntRegister)
                  00000b30    00000014                   : uart.obj (.text:UARTEnable)
                  00000b44    00000012                   : gpio.obj (.text:GPIOPinTypeUART)
                  00000b56    00000012                   : timer.obj (.text:TimerLoadSet)
                  00000b68    00000010                   : interrupt.obj (.text:IntMasterEnable)
                  00000b78    0000000e                   : timer.obj (.text:TimerEnable)
                  00000b86    0000000e     rtsv7M4_T_le_v4SPD16_eabi.lib : copy_decompress_none.c.obj (.text:decompress:none:__TI_decompress_none)
                  00000b94    0000000c     driverlib.lib : cpu.obj (.text:CPUcpsie)
                  00000ba0    0000000c     tm4c123ge6pm_startup_ccs.obj (.text)
                  00000bac    0000000a     driverlib.lib : uart.obj (.text:UARTCharGet)
                  00000bb6    00000008                   : timer.obj (.text:TimerIntEnable)
                  00000bbe    00000008                   : uart.obj (.text:UARTIntEnable)
                  00000bc6    00000006                   : gpio.obj (.text:GPIOPinRead)
                  00000bcc    00000006                   : gpio.obj (.text:GPIOPinWrite)
                  00000bd2    00000006                   : sysctl.obj (.text:SysCtlDelay)
                  00000bd8    00000006                   : uart.obj (.text:UARTFIFOLevelSet)
                  00000bde    00000004                   : timer.obj (.text:TimerIntClear)
                  00000be2    00000004                   : uart.obj (.text:UARTIntClear)
                  00000be6    00000004     rtsv7M4_T_le_v4SPD16_eabi.lib : pre_init.c.obj (.text:_system_pre_init)
                  00000bea    00000004                                   : exit.c.obj (.text:abort:abort)

.const     0    00000bf0    0000015c     
                  00000bf0    00000070     driverlib.lib : interrupt.obj (.const)
                  00000c60    0000006c                   : sysctl.obj (.const:g_pui32Xtals)
                  00000ccc    00000040                   : uart.obj (.const:g_ppui32UARTIntMap)
                  00000d0c    00000040                   : uart.obj (.const:g_ppui32UARTIntMapSnowflake)

.cinit     0    00000d50    00000040     
                  00000d50    0000000c     (__TI_handler_table)
                  00000d5c    00000004     --HOLE-- [fill = 0]
                  00000d60    00000008     (.cinit..bss.load) [load image, compression = zero_init]
                  00000d68    00000008     (.cinit..data.load) [load image, compression = lzss]
                  00000d70    00000008     (.cinit..vtable.load) [load image, compression = zero_init]
                  00000d78    00000018     (__TI_cinit_table)

.init_array 
*          0    00000000    00000000     UNINITIALIZED

.vtable    0    20000000    0000026c     UNINITIALIZED
                  20000000    0000026c     driverlib.lib : interrupt.obj (.vtable)

.bss       0    2000026c    00000004     UNINITIALIZED
                  2000026c    00000004     (.common:ui32Period)

.data      0    20000470    00000004     UNINITIALIZED
                  20000470    00000004     main.obj (.data)

.stack     0    20000270    00000200     UNINITIALIZED
                  20000270    00000004     rtsv7M4_T_le_v4SPD16_eabi.lib : boot_cortex_m.c.obj (.stack)
                  20000274    000001fc     --HOLE--

__llvm_prf_cnts 
*          0    20000000    00000000     UNINITIALIZED

MODULE SUMMARY

       Module                         code   ro data   rw data
       ------                         ----   -------   -------
    .\
       tm4c123ge6pm_startup_ccs.obj   12     620       0      
       main.obj                       448    0         8      
    +--+------------------------------+------+---------+---------+
       Total:                         460    620       8      
                                                              
    C:/ti/TivaWare_C_Series-2.1.4.178/driverlib/ccs/Debug/driverlib.lib
       interrupt.obj                  172    112       620    
       sysctl.obj                     574    108       0      
       gpio.obj                       402    0         0      
       uart.obj                       238    128       0      
       timer.obj                      140    0         0      
       cpu.obj                        12     0         0      
    +--+------------------------------+------+---------+---------+
       Total:                         1538   348       620    
                                                              
    C:\ti\ccs1031\ccs\tools\compiler\ti-cgt-arm_20.2.5.LTS\lib\rtsv7M4_T_le_v4SPD16_eabi.lib
       memcpy_t2.asm.obj              156    0         0      
       copy_decompress_lzss.c.obj     104    0         0      
       autoinit.c.obj                 68     0         0      
       boot_cortex_m.c.obj            52     0         0      
       copy_zero_init.c.obj           28     0         0      
       copy_decompress_none.c.obj     14     0         0      
       exit.c.obj                     4      0         0      
       pre_init.c.obj                 4      0         0      
    +--+------------------------------+------+---------+---------+
       Total:                         430    0         0      
                                                              
       Stack:                         0      0         512    
       Linker Generated:              0      60        0      
    +--+------------------------------+------+---------+---------+
       Grand Total:                   2428   1028      1140   


LINKER GENERATED COPY TABLES

__TI_cinit_table @ 00000d78 records: 3, size/record: 8, table size: 24
	.bss: load addr=00000d60, load size=00000008 bytes, run addr=2000026c, run size=00000004 bytes, compression=zero_init
	.data: load addr=00000d68, load size=00000008 bytes, run addr=20000470, run size=00000004 bytes, compression=lzss
	.vtable: load addr=00000d70, load size=00000008 bytes, run addr=20000000, run size=0000026c bytes, compression=zero_init


LINKER GENERATED HANDLER TABLE

__TI_handler_table @ 00000d50 records: 3, size/record: 4, table size: 12
	index: 0, handler: __TI_zero_init
	index: 1, handler: __TI_decompress_lzss
	index: 2, handler: __TI_decompress_none


GLOBAL SYMBOLS: SORTED ALPHABETICALLY BY Name 

address   name                          
-------   ----                          
00000beb  C$$EXIT                       
00000b95  CPUcpsie                      
00000a99  GPIODirModeSet                
0000042d  GPIOPadConfigSet              
00000bc7  GPIOPinRead                   
00000b01  GPIOPinTypeGPIOOutput         
00000b45  GPIOPinTypeUART               
00000bcd  GPIOPinWrite                  
00000801  IntEnable                     
00000b69  IntMasterEnable               
000009fd  IntRegister                   
00000ba1  ResetISR                      
00000561  SysCtlClockGet                
00000671  SysCtlClockSet                
00000bd3  SysCtlDelay                   
00000a31  SysCtlPeripheralEnable        
0000031f  Timer0IntHandler              
000008d1  TimerConfigure                
00000b79  TimerEnable                   
00000bdf  TimerIntClear                 
00000bb7  TimerIntEnable                
00000b57  TimerLoadSet                  
00000bad  UARTCharGet                   
00000931  UARTConfigSetExpClk           
00000ac5  UARTDisable                   
00000b31  UARTEnable                    
00000bd9  UARTFIFOLevelSet              
00000be3  UARTIntClear                  
00000bbf  UARTIntEnable                 
0000034b  UARTIntHandler                
00000b19  UARTIntRegister               
20000470  __STACK_END                   
00000200  __STACK_SIZE                  
20000470  __STACK_TOP                   
00000d78  __TI_CINIT_Base               
00000d90  __TI_CINIT_Limit              
00000d50  __TI_Handler_Table_Base       
00000d5c  __TI_Handler_Table_Limit      
00000979  __TI_auto_init_nobinit_nopinit
00000869  __TI_decompress_lzss          
00000b87  __TI_decompress_none          
ffffffff  __TI_pprof_out_hndl           
ffffffff  __TI_prof_data_size           
ffffffff  __TI_prof_data_start          
00000000  __TI_static_base__            
00000ae5  __TI_zero_init_nomemset       
00000765  __aeabi_memcpy                
00000765  __aeabi_memcpy4               
00000765  __aeabi_memcpy8               
ffffffff  __binit__                     
ffffffff  __c_args__                    
UNDEFED   __mpu_init                    
20000270  __stack                       
20000000  __start___llvm_prf_cnts       
20000000  __stop___llvm_prf_cnts        
00000a65  _c_int00_noargs               
UNDEFED   _system_post_cinit            
00000be7  _system_pre_init              
00000beb  abort                         
20000472  b                             
ffffffff  binit                         
20000473  g                             
20000000  g_pfnRAMVectors               
00000000  g_pfnVectors                  
20000470  l                             
00000317  main                          
00000765  memcpy                        
20000471  r                             
0000026d  setup                         
2000026c  ui32Period                    


GLOBAL SYMBOLS: SORTED BY Symbol Address 

address   name                          
-------   ----                          
00000000  __TI_static_base__            
00000000  g_pfnVectors                  
00000200  __STACK_SIZE                  
0000026d  setup                         
00000317  main                          
0000031f  Timer0IntHandler              
0000034b  UARTIntHandler                
0000042d  GPIOPadConfigSet              
00000561  SysCtlClockGet                
00000671  SysCtlClockSet                
00000765  __aeabi_memcpy                
00000765  __aeabi_memcpy4               
00000765  __aeabi_memcpy8               
00000765  memcpy                        
00000801  IntEnable                     
00000869  __TI_decompress_lzss          
000008d1  TimerConfigure                
00000931  UARTConfigSetExpClk           
00000979  __TI_auto_init_nobinit_nopinit
000009fd  IntRegister                   
00000a31  SysCtlPeripheralEnable        
00000a65  _c_int00_noargs               
00000a99  GPIODirModeSet                
00000ac5  UARTDisable                   
00000ae5  __TI_zero_init_nomemset       
00000b01  GPIOPinTypeGPIOOutput         
00000b19  UARTIntRegister               
00000b31  UARTEnable                    
00000b45  GPIOPinTypeUART               
00000b57  TimerLoadSet                  
00000b69  IntMasterEnable               
00000b79  TimerEnable                   
00000b87  __TI_decompress_none          
00000b95  CPUcpsie                      
00000ba1  ResetISR                      
00000bad  UARTCharGet                   
00000bb7  TimerIntEnable                
00000bbf  UARTIntEnable                 
00000bc7  GPIOPinRead                   
00000bcd  GPIOPinWrite                  
00000bd3  SysCtlDelay                   
00000bd9  UARTFIFOLevelSet              
00000bdf  TimerIntClear                 
00000be3  UARTIntClear                  
00000be7  _system_pre_init              
00000beb  C$$EXIT                       
00000beb  abort                         
00000d50  __TI_Handler_Table_Base       
00000d5c  __TI_Handler_Table_Limit      
00000d78  __TI_CINIT_Base               
00000d90  __TI_CINIT_Limit              
20000000  __start___llvm_prf_cnts       
20000000  __stop___llvm_prf_cnts        
20000000  g_pfnRAMVectors               
2000026c  ui32Period                    
20000270  __stack                       
20000470  __STACK_END                   
20000470  __STACK_TOP                   
20000470  l                             
20000471  r                             
20000472  b                             
20000473  g                             
ffffffff  __TI_pprof_out_hndl           
ffffffff  __TI_prof_data_size           
ffffffff  __TI_prof_data_start          
ffffffff  __binit__                     
ffffffff  __c_args__                    
ffffffff  binit                         
UNDEFED   __mpu_init                    
UNDEFED   _system_post_cinit            

[70 symbols]
